Archive member included to satisfy reference by file (symbol)

/Applications/STM32CubeIDE.app/Contents/Eclipse/plugins/com.st.stm32cube.ide.mcu.externaltools.gnu-tools-for-stm32.7-2018-q2-update.macos64_1.5.0.202011040924/tools/bin/../lib/gcc/arm-none-eabi/7.3.1/../../../../arm-none-eabi/lib/thumb/v7e-m/fpv4-sp/hard/libc_nano.a(lib_a-errno.o)
                              Core/Src/syscalls.o (__errno)
/Applications/STM32CubeIDE.app/Contents/Eclipse/plugins/com.st.stm32cube.ide.mcu.externaltools.gnu-tools-for-stm32.7-2018-q2-update.macos64_1.5.0.202011040924/tools/bin/../lib/gcc/arm-none-eabi/7.3.1/../../../../arm-none-eabi/lib/thumb/v7e-m/fpv4-sp/hard/libc_nano.a(lib_a-exit.o)
                              /Applications/STM32CubeIDE.app/Contents/Eclipse/plugins/com.st.stm32cube.ide.mcu.externaltools.gnu-tools-for-stm32.7-2018-q2-update.macos64_1.5.0.202011040924/tools/bin/../lib/gcc/arm-none-eabi/7.3.1/../../../../arm-none-eabi/lib/thumb/v7e-m/fpv4-sp/hard/crt0.o (exit)
/Applications/STM32CubeIDE.app/Contents/Eclipse/plugins/com.st.stm32cube.ide.mcu.externaltools.gnu-tools-for-stm32.7-2018-q2-update.macos64_1.5.0.202011040924/tools/bin/../lib/gcc/arm-none-eabi/7.3.1/../../../../arm-none-eabi/lib/thumb/v7e-m/fpv4-sp/hard/libc_nano.a(lib_a-impure.o)
                              /Applications/STM32CubeIDE.app/Contents/Eclipse/plugins/com.st.stm32cube.ide.mcu.externaltools.gnu-tools-for-stm32.7-2018-q2-update.macos64_1.5.0.202011040924/tools/bin/../lib/gcc/arm-none-eabi/7.3.1/../../../../arm-none-eabi/lib/thumb/v7e-m/fpv4-sp/hard/libc_nano.a(lib_a-exit.o) (_global_impure_ptr)
/Applications/STM32CubeIDE.app/Contents/Eclipse/plugins/com.st.stm32cube.ide.mcu.externaltools.gnu-tools-for-stm32.7-2018-q2-update.macos64_1.5.0.202011040924/tools/bin/../lib/gcc/arm-none-eabi/7.3.1/../../../../arm-none-eabi/lib/thumb/v7e-m/fpv4-sp/hard/libc_nano.a(lib_a-init.o)
                              /Applications/STM32CubeIDE.app/Contents/Eclipse/plugins/com.st.stm32cube.ide.mcu.externaltools.gnu-tools-for-stm32.7-2018-q2-update.macos64_1.5.0.202011040924/tools/bin/../lib/gcc/arm-none-eabi/7.3.1/../../../../arm-none-eabi/lib/thumb/v7e-m/fpv4-sp/hard/crt0.o (__libc_init_array)
/Applications/STM32CubeIDE.app/Contents/Eclipse/plugins/com.st.stm32cube.ide.mcu.externaltools.gnu-tools-for-stm32.7-2018-q2-update.macos64_1.5.0.202011040924/tools/bin/../lib/gcc/arm-none-eabi/7.3.1/../../../../arm-none-eabi/lib/thumb/v7e-m/fpv4-sp/hard/libc_nano.a(lib_a-memcpy-stub.o)
                              FreeRTOS/queue.o (memcpy)
/Applications/STM32CubeIDE.app/Contents/Eclipse/plugins/com.st.stm32cube.ide.mcu.externaltools.gnu-tools-for-stm32.7-2018-q2-update.macos64_1.5.0.202011040924/tools/bin/../lib/gcc/arm-none-eabi/7.3.1/../../../../arm-none-eabi/lib/thumb/v7e-m/fpv4-sp/hard/libc_nano.a(lib_a-memset.o)
                              /Applications/STM32CubeIDE.app/Contents/Eclipse/plugins/com.st.stm32cube.ide.mcu.externaltools.gnu-tools-for-stm32.7-2018-q2-update.macos64_1.5.0.202011040924/tools/bin/../lib/gcc/arm-none-eabi/7.3.1/../../../../arm-none-eabi/lib/thumb/v7e-m/fpv4-sp/hard/crt0.o (memset)
/Applications/STM32CubeIDE.app/Contents/Eclipse/plugins/com.st.stm32cube.ide.mcu.externaltools.gnu-tools-for-stm32.7-2018-q2-update.macos64_1.5.0.202011040924/tools/bin/../lib/gcc/arm-none-eabi/7.3.1/thumb/v7e-m/fpv4-sp/hard/libgcc.a(_aeabi_uldivmod.o)
                              Drivers/STM32F4xx_HAL_Driver/Src/stm32f4xx_hal_rcc.o (__aeabi_uldivmod)
/Applications/STM32CubeIDE.app/Contents/Eclipse/plugins/com.st.stm32cube.ide.mcu.externaltools.gnu-tools-for-stm32.7-2018-q2-update.macos64_1.5.0.202011040924/tools/bin/../lib/gcc/arm-none-eabi/7.3.1/thumb/v7e-m/fpv4-sp/hard/libgcc.a(_udivmoddi4.o)
                              /Applications/STM32CubeIDE.app/Contents/Eclipse/plugins/com.st.stm32cube.ide.mcu.externaltools.gnu-tools-for-stm32.7-2018-q2-update.macos64_1.5.0.202011040924/tools/bin/../lib/gcc/arm-none-eabi/7.3.1/thumb/v7e-m/fpv4-sp/hard/libgcc.a(_aeabi_uldivmod.o) (__udivmoddi4)
/Applications/STM32CubeIDE.app/Contents/Eclipse/plugins/com.st.stm32cube.ide.mcu.externaltools.gnu-tools-for-stm32.7-2018-q2-update.macos64_1.5.0.202011040924/tools/bin/../lib/gcc/arm-none-eabi/7.3.1/thumb/v7e-m/fpv4-sp/hard/libgcc.a(_dvmd_tls.o)
                              /Applications/STM32CubeIDE.app/Contents/Eclipse/plugins/com.st.stm32cube.ide.mcu.externaltools.gnu-tools-for-stm32.7-2018-q2-update.macos64_1.5.0.202011040924/tools/bin/../lib/gcc/arm-none-eabi/7.3.1/thumb/v7e-m/fpv4-sp/hard/libgcc.a(_aeabi_uldivmod.o) (__aeabi_ldiv0)

Allocating common symbols
Common symbol       size              file

xSemaphore          0x4               Core/Src/main.o
uwTick              0x4               Drivers/STM32F4xx_HAL_Driver/Src/stm32f4xx_hal.o
xQueueRegistry      0x40              FreeRTOS/queue.o
pFlash              0x20              Drivers/STM32F4xx_HAL_Driver/Src/stm32f4xx_hal_flash.o
xHigherPriorityTaskWoken
[...]
Memory Configuration

Name             Origin             Length             Attributes
CCMRAM           0x0000000010000000 0x0000000000010000 xrw
RAM              0x0000000020000000 0x0000000000020000 xrw
FLASH            0x0000000008000000 0x0000000000100000 xr
*default*        0x0000000000000000 0xffffffffffffffff

Linker script and memory map

LOAD /Applications/STM32CubeIDE.app/Contents/Eclipse/plugins/com.st.stm32cube.ide.mcu.externaltools.gnu-tools-for-stm32.7-2018-q2-update.macos64_1.5.0.202011040924/tools/bin/../lib/gcc/arm-none-eabi/7.3.1/thumb/v7e-m/fpv4-sp/hard/crti.o
LOAD /Applications/STM32CubeIDE.app/Contents/Eclipse/plugins/com.st.stm32cube.ide.mcu.externaltools.gnu-tools-for-stm32.7-2018-q2-update.macos64_1.5.0.202011040924/tools/bin/../lib/gcc/arm-none-eabi/7.3.1/thumb/v7e-m/fpv4-sp/hard/crtbegin.o
LOAD /Applications/STM32CubeIDE.app/Contents/Eclipse/plugins/com.st.stm32cube.ide.mcu.externaltools.gnu-tools-for-stm32.7-2018-q2-update.macos64_1.5.0.202011040924/tools/bin/../lib/gcc/arm-none-eabi/7.3.1/../../../../arm-none-eabi/lib/thumb/v7e-m/fpv4-sp/hard/crt0.o
LOAD Core/Src/main.o
LOAD Core/Src/stm32f4xx_hal_msp.o
LOAD Core/Src/stm32f4xx_hal_timebase_tim.o
LOAD Core/Src/stm32f4xx_it.o
LOAD Core/Src/syscalls.o
LOAD Core/Src/sysmem.o
LOAD Core/Src/system_stm32f4xx.o
LOAD Core/Startup/startup_stm32f407vgtx.o
LOAD Drivers/STM32F4xx_HAL_Driver/Src/stm32f4xx_hal.o
LOAD Drivers/STM32F4xx_HAL_Driver/Src/stm32f4xx_hal_cortex.o
LOAD Drivers/STM32F4xx_HAL_Driver/Src/stm32f4xx_hal_dma.o
LOAD Drivers/STM32F4xx_HAL_Driver/Src/stm32f4xx_hal_dma_ex.o
LOAD Drivers/STM32F4xx_HAL_Driver/Src/stm32f4xx_hal_exti.o
LOAD Drivers/STM32F4xx_HAL_Driver/Src/stm32f4xx_hal_flash.o
LOAD Drivers/STM32F4xx_HAL_Driver/Src/stm32f4xx_hal_flash_ex.o
LOAD Drivers/STM32F4xx_HAL_Driver/Src/stm32f4xx_hal_flash_ramfunc.o
LOAD Drivers/STM32F4xx_HAL_Driver/Src/stm32f4xx_hal_gpio.o
LOAD Drivers/STM32F4xx_HAL_Driver/Src/stm32f4xx_hal_pwr.o
LOAD Drivers/STM32F4xx_HAL_Driver/Src/stm32f4xx_hal_pwr_ex.o
LOAD Drivers/STM32F4xx_HAL_Driver/Src/stm32f4xx_hal_rcc.o
LOAD Drivers/STM32F4xx_HAL_Driver/Src/stm32f4xx_hal_rcc_ex.o
LOAD Drivers/STM32F4xx_HAL_Driver/Src/stm32f4xx_hal_spi.o
LOAD Drivers/STM32F4xx_HAL_Driver/Src/stm32f4xx_hal_tim.o
LOAD Drivers/STM32F4xx_HAL_Driver/Src/stm32f4xx_hal_tim_ex.o
LOAD FreeRTOS/croutine.o
LOAD FreeRTOS/event_groups.o
LOAD FreeRTOS/list.o
LOAD FreeRTOS/queue.o
LOAD FreeRTOS/stream_buffer.o
LOAD FreeRTOS/tasks.o
LOAD FreeRTOS/timers.o
LOAD FreeRTOS/portable/GCC/ARM_CM4F/port.o
LOAD FreeRTOS/portable/MemMang/heap_4.o
START GROUP
LOAD /Applications/STM32CubeIDE.app/Contents/Eclipse/plugins/com.st.stm32cube.ide.mcu.externaltools.gnu-tools-for-stm32.7-2018-q2-update.macos64_1.5.0.202011040924/tools/bin/../lib/gcc/arm-none-eabi/7.3.1/../../../../arm-none-eabi/lib/thumb/v7e-m/fpv4-sp/hard/libc_nano.a
LOAD /Applications/STM32CubeIDE.app/Contents/Eclipse/plugins/com.st.stm32cube.ide.mcu.externaltools.gnu-tools-for-stm32.7-2018-q2-update.macos64_1.5.0.202011040924/tools/bin/../lib/gcc/arm-none-eabi/7.3.1/../../../../arm-none-eabi/lib/thumb/v7e-m/fpv4-sp/hard/libm.a
END GROUP
START GROUP
LOAD /Applications/STM32CubeIDE.app/Contents/Eclipse/plugins/com.st.stm32cube.ide.mcu.externaltools.gnu-tools-for-stm32.7-2018-q2-update.macos64_1.5.0.202011040924/tools/bin/../lib/gcc/arm-none-eabi/7.3.1/thumb/v7e-m/fpv4-sp/hard/libgcc.a
LOAD /Applications/STM32CubeIDE.app/Contents/Eclipse/plugins/com.st.stm32cube.ide.mcu.externaltools.gnu-tools-for-stm32.7-2018-q2-update.macos64_1.5.0.202011040924/tools/bin/../lib/gcc/arm-none-eabi/7.3.1/../../../../arm-none-eabi/lib/thumb/v7e-m/fpv4-sp/hard/libc_nano.a
END GROUP
START GROUP
LOAD /Applications/STM32CubeIDE.app/Contents/Eclipse/plugins/com.st.stm32cube.ide.mcu.externaltools.gnu-tools-for-stm32.7-2018-q2-update.macos64_1.5.0.202011040924/tools/bin/../lib/gcc/arm-none-eabi/7.3.1/thumb/v7e-m/fpv4-sp/hard/libgcc.a
LOAD /Applications/STM32CubeIDE.app/Contents/Eclipse/plugins/com.st.stm32cube.ide.mcu.externaltools.gnu-tools-for-stm32.7-2018-q2-update.macos64_1.5.0.202011040924/tools/bin/../lib/gcc/arm-none-eabi/7.3.1/../../../../arm-none-eabi/lib/thumb/v7e-m/fpv4-sp/hard/libc_nano.a
LOAD /Applications/STM32CubeIDE.app/Contents/Eclipse/plugins/com.st.stm32cube.ide.mcu.externaltools.gnu-tools-for-stm32.7-2018-q2-update.macos64_1.5.0.202011040924/tools/bin/../lib/gcc/arm-none-eabi/7.3.1/../../../../arm-none-eabi/lib/thumb/v7e-m/fpv4-sp/hard/libnosys.a
END GROUP
START GROUP
LOAD /Applications/STM32CubeIDE.app/Contents/Eclipse/plugins/com.st.stm32cube.ide.mcu.externaltools.gnu-tools-for-stm32.7-2018-q2-update.macos64_1.5.0.202011040924/tools/bin/../lib/gcc/arm-none-eabi/7.3.1/thumb/v7e-m/fpv4-sp/hard/libgcc.a
LOAD /Applications/STM32CubeIDE.app/Contents/Eclipse/plugins/com.st.stm32cube.ide.mcu.externaltools.gnu-tools-for-stm32.7-2018-q2-update.macos64_1.5.0.202011040924/tools/bin/../lib/gcc/arm-none-eabi/7.3.1/../../../../arm-none-eabi/lib/thumb/v7e-m/fpv4-sp/hard/libc_nano.a
LOAD /Applications/STM32CubeIDE.app/Contents/Eclipse/plugins/com.st.stm32cube.ide.mcu.externaltools.gnu-tools-for-stm32.7-2018-q2-update.macos64_1.5.0.202011040924/tools/bin/../lib/gcc/arm-none-eabi/7.3.1/../../../../arm-none-eabi/lib/thumb/v7e-m/fpv4-sp/hard/libnosys.a
END GROUP
LOAD /Applications/STM32CubeIDE.app/Contents/Eclipse/plugins/com.st.stm32cube.ide.mcu.externaltools.gnu-tools-for-stm32.7-2018-q2-update.macos64_1.5.0.202011040924/tools/bin/../lib/gcc/arm-none-eabi/7.3.1/thumb/v7e-m/fpv4-sp/hard/crtend.o
LOAD /Applications/STM32CubeIDE.app/Contents/Eclipse/plugins/com.st.stm32cube.ide.mcu.externaltools.gnu-tools-for-stm32.7-2018-q2-update.macos64_1.5.0.202011040924/tools/bin/../lib/gcc/arm-none-eabi/7.3.1/thumb/v7e-m/fpv4-sp/hard/crtn.o
                0x0000000020020000                _estack = (ORIGIN (RAM) + LENGTH (RAM))
                0x0000000000000200                _Min_Heap_Size = 0x200
                0x0000000000000400                _Min_Stack_Size = 0x400

.isr_vector     0x0000000008000000      0x188
                0x0000000008000000                . = ALIGN (0x4)
 *(.isr_vector)
 .isr_vector    0x0000000008000000      0x188 Core/Startup/startup_stm32f407vgtx.o
                0x0000000008000000                g_pfnVectors
                0x0000000008000188                . = ALIGN (0x4)

.text           0x0000000008000190     0x5404
                0x0000000008000190                . = ALIGN (0x4)
 *(.text)
 .text          0x0000000008000190       0x40 /Applications/STM32CubeIDE.app/Contents/Eclipse/plugins/com.st.stm32cube.ide.mcu.externaltools.gnu-tools-for-stm32.7-2018-q2-update.macos64_1.5.0.202011040924/tools/bin/../lib/gcc/arm-none-eabi/7.3.1/thumb/v7e-m/fpv4-sp/hard/crtbegin.o
 .text          0x00000000080001d0       0x30 /Applications/STM32CubeIDE.app/Contents/Eclipse/plugins/com.st.stm32cube.ide.mcu.externaltools.gnu-tools-for-stm32.7-2018-q2-update.macos64_1.5.0.202011040924/tools/bin/../lib/gcc/arm-none-eabi/7.3.1/thumb/v7e-m/fpv4-sp/hard/libgcc.a(_aeabi_uldivmod.o)
                0x00000000080001d0                __aeabi_uldivmod
 .text          0x0000000008000200      0x2cc /Applications/STM32CubeIDE.app/Contents/Eclipse/plugins/com.st.stm32cube.ide.mcu.externaltools.gnu-tools-for-stm32.7-2018-q2-update.macos64_1.5.0.202011040924/tools/bin/../lib/gcc/arm-none-eabi/7.3.1/thumb/v7e-m/fpv4-sp/hard/libgcc.a(_udivmoddi4.o)
                0x0000000008000200                __udivmoddi4
 .text          0x00000000080004cc        0x4 /Applications/STM32CubeIDE.app/Contents/Eclipse/plugins/com.st.stm32cube.ide.mcu.externaltools.gnu-tools-for-stm32.7-2018-q2-update.macos64_1.5.0.202011040924/tools/bin/../lib/gcc/arm-none-eabi/7.3.1/thumb/v7e-m/fpv4-sp/hard/libgcc.a(_dvmd_tls.o)
                0x00000000080004cc                __aeabi_ldiv0
                0x00000000080004cc                __aeabi_idiv0
 *(.text*)
 .text.MEMS_Write
                0x00000000080004d0       0x4c Core/Src/main.o
                0x00000000080004d0                MEMS_Write
 .text.MEMS_Read
                0x000000000800051c       0x54 Core/Src/main.o
                0x000000000800051c                MEMS_Read
 .text.main     0x0000000008000570       0xb8 Core/Src/main.o
                0x0000000008000570                main
 .text.SystemClock_Config
                0x0000000008000628       0xbc Core/Src/main.o
                0x0000000008000628                SystemClock_Config
 .text.MX_SPI1_Init
                0x00000000080006e4       0x6c Core/Src/main.o
 .text.MX_GPIO_Init
                0x0000000008000750       0xfc Core/Src/main.o
 .text.Task1    0x000000000800084c       0x1c Core/Src/main.o
                0x000000000800084c                Task1
 .text.HandlerTask
                0x0000000008000868       0x64 Core/Src/main.o
                0x0000000008000868                HandlerTask
 .text.HAL_GPIO_EXTI_Callback
                0x00000000080008cc       0x3c Core/Src/main.o
                0x00000000080008cc                HAL_GPIO_EXTI_Callback
 .text.HAL_TIM_PeriodElapsedCallback
                0x0000000008000908       0x24 Core/Src/main.o
                0x0000000008000908                HAL_TIM_PeriodElapsedCallback
 .text.Error_Handler
                0x000000000800092c        0x8 Core/Src/main.o
                0x000000000800092c                Error_Handler
 .text.HAL_MspInit
                0x0000000008000934       0x50 Core/Src/stm32f4xx_hal_msp.o
                0x0000000008000934                HAL_MspInit
 .text.HAL_SPI_MspInit
                0x0000000008000984       0x90 Core/Src/stm32f4xx_hal_msp.o
                0x0000000008000984                HAL_SPI_MspInit
 .text.HAL_InitTick
                0x0000000008000a14       0xb0 Core/Src/stm32f4xx_hal_timebase_tim.o
                0x0000000008000a14                HAL_InitTick
 .text.NMI_Handler
                0x0000000008000ac4        0x6 Core/Src/stm32f4xx_it.o
                0x0000000008000ac4                NMI_Handler
 .text.HardFault_Handler
                0x0000000008000aca        0x6 Core/Src/stm32f4xx_it.o
                0x0000000008000aca                HardFault_Handler
 .text.MemManage_Handler
                0x0000000008000ad0        0x6 Core/Src/stm32f4xx_it.o
                0x0000000008000ad0                MemManage_Handler
 .text.BusFault_Handler
                0x0000000008000ad6        0x6 Core/Src/stm32f4xx_it.o
                0x0000000008000ad6                BusFault_Handler
 .text.UsageFault_Handler
                0x0000000008000adc        0x6 Core/Src/stm32f4xx_it.o
                0x0000000008000adc                UsageFault_Handler
 .text.DebugMon_Handler
                0x0000000008000ae2        0xe Core/Src/stm32f4xx_it.o
                0x0000000008000ae2                DebugMon_Handler
 .text.EXTI0_IRQHandler
                0x0000000008000af0        0xe Core/Src/stm32f4xx_it.o
                0x0000000008000af0                EXTI0_IRQHandler
 *fill*         0x0000000008000afe        0x2 
 .text.TIM6_DAC_IRQHandler
                0x0000000008000b00       0x14 Core/Src/stm32f4xx_it.o
                0x0000000008000b00                TIM6_DAC_IRQHandler
 .text.SystemInit
                0x0000000008000b14       0x2c Core/Src/system_stm32f4xx.o
                0x0000000008000b14                SystemInit
 .text.Reset_Handler
                0x0000000008000b40       0x50 Core/Startup/startup_stm32f407vgtx.o
                0x0000000008000b40                Reset_Handler
 .text.Default_Handler
                0x0000000008000b90        0x2 Core/Startup/startup_stm32f407vgtx.o
                0x0000000008000b90                DMA1_Stream3_IRQHandler
                0x0000000008000b90                HASH_RNG_IRQHandler
                0x0000000008000b90                EXTI2_IRQHandler
                0x0000000008000b90                TIM8_CC_IRQHandler
                0x0000000008000b90                TIM1_CC_IRQHandler
                0x0000000008000b90                DMA2_Stream5_IRQHandler
                0x0000000008000b90                DMA1_Stream5_IRQHandler
                0x0000000008000b90                PVD_IRQHandler
                0x0000000008000b90                SDIO_IRQHandler
                0x0000000008000b90                TAMP_STAMP_IRQHandler
                0x0000000008000b90                CAN2_RX1_IRQHandler
                0x0000000008000b90                EXTI3_IRQHandler
                0x0000000008000b90                TIM8_TRG_COM_TIM14_IRQHandler
                0x0000000008000b90                TIM1_UP_TIM10_IRQHandler
                0x0000000008000b90                TIM8_UP_TIM13_IRQHandler
                0x0000000008000b90                I2C3_ER_IRQHandler
                0x0000000008000b90                I2C2_EV_IRQHandler
                0x0000000008000b90                DMA1_Stream2_IRQHandler
                0x0000000008000b90                CAN1_RX0_IRQHandler
                0x0000000008000b90                FPU_IRQHandler
                0x0000000008000b90                OTG_HS_WKUP_IRQHandler
                0x0000000008000b90                CAN2_SCE_IRQHandler
                0x0000000008000b90                DMA2_Stream2_IRQHandler
                0x0000000008000b90                SPI1_IRQHandler
                0x0000000008000b90                TIM1_BRK_TIM9_IRQHandler
                0x0000000008000b90                DCMI_IRQHandler
                0x0000000008000b90                CAN2_RX0_IRQHandler
                0x0000000008000b90                DMA2_Stream3_IRQHandler
                0x0000000008000b90                USART6_IRQHandler
                0x0000000008000b90                USART3_IRQHandler
                0x0000000008000b90                CAN1_RX1_IRQHandler
                0x0000000008000b90                UART5_IRQHandler
                0x0000000008000b90                DMA2_Stream0_IRQHandler
                0x0000000008000b90                TIM4_IRQHandler
                0x0000000008000b90                I2C1_EV_IRQHandler
                0x0000000008000b90                DMA1_Stream6_IRQHandler
                0x0000000008000b90                DMA1_Stream1_IRQHandler
                0x0000000008000b90                UART4_IRQHandler
                0x0000000008000b90                TIM3_IRQHandler
                0x0000000008000b90                RCC_IRQHandler
                0x0000000008000b90                TIM8_BRK_TIM12_IRQHandler
                0x0000000008000b90                Default_Handler
                0x0000000008000b90                EXTI15_10_IRQHandler
                0x0000000008000b90                ADC_IRQHandler
                0x0000000008000b90                DMA1_Stream7_IRQHandler
                0x0000000008000b90                TIM7_IRQHandler
                0x0000000008000b90                CAN2_TX_IRQHandler
                0x0000000008000b90                TIM5_IRQHandler
                0x0000000008000b90                DMA2_Stream7_IRQHandler
                0x0000000008000b90                I2C3_EV_IRQHandler
                0x0000000008000b90                EXTI9_5_IRQHandler
                0x0000000008000b90                RTC_WKUP_IRQHandler
                0x0000000008000b90                ETH_WKUP_IRQHandler
                0x0000000008000b90                SPI2_IRQHandler
                0x0000000008000b90                OTG_HS_EP1_IN_IRQHandler
                0x0000000008000b90                DMA1_Stream0_IRQHandler
                0x0000000008000b90                CAN1_TX_IRQHandler
                0x0000000008000b90                EXTI4_IRQHandler
                0x0000000008000b90                FSMC_IRQHandler
                0x0000000008000b90                ETH_IRQHandler
                0x0000000008000b90                OTG_HS_EP1_OUT_IRQHandler
                0x0000000008000b90                WWDG_IRQHandler
                0x0000000008000b90                TIM2_IRQHandler
                0x0000000008000b90                OTG_FS_WKUP_IRQHandler
                0x0000000008000b90                TIM1_TRG_COM_TIM11_IRQHandler
                0x0000000008000b90                OTG_HS_IRQHandler
                0x0000000008000b90                EXTI1_IRQHandler
                0x0000000008000b90                USART2_IRQHandler
                0x0000000008000b90                I2C2_ER_IRQHandler
                0x0000000008000b90                DMA2_Stream1_IRQHandler
                0x0000000008000b90                CAN1_SCE_IRQHandler
                0x0000000008000b90                FLASH_IRQHandler
                0x0000000008000b90                DMA2_Stream4_IRQHandler
                0x0000000008000b90                USART1_IRQHandler
                0x0000000008000b90                OTG_FS_IRQHandler
                0x0000000008000b90                SPI3_IRQHandler
                0x0000000008000b90                DMA1_Stream4_IRQHandler
                0x0000000008000b90                I2C1_ER_IRQHandler
                0x0000000008000b90                DMA2_Stream6_IRQHandler
                0x0000000008000b90                RTC_Alarm_IRQHandler
 *fill*         0x0000000008000b92        0x2 
 .text.HAL_Init
                0x0000000008000b94       0x44 Drivers/STM32F4xx_HAL_Driver/Src/stm32f4xx_hal.o
                0x0000000008000b94                HAL_Init
 .text.HAL_IncTick
                0x0000000008000bd8       0x28 Drivers/STM32F4xx_HAL_Driver/Src/stm32f4xx_hal.o
                0x0000000008000bd8                HAL_IncTick
 .text.HAL_GetTick
                0x0000000008000c00       0x18 Drivers/STM32F4xx_HAL_Driver/Src/stm32f4xx_hal.o
                0x0000000008000c00                HAL_GetTick
 .text.__NVIC_SetPriorityGrouping
                0x0000000008000c18       0x48 Drivers/STM32F4xx_HAL_Driver/Src/stm32f4xx_hal_cortex.o
 .text.__NVIC_GetPriorityGrouping
                0x0000000008000c60       0x1c Drivers/STM32F4xx_HAL_Driver/Src/stm32f4xx_hal_cortex.o
 .text.__NVIC_EnableIRQ
                0x0000000008000c7c       0x3c Drivers/STM32F4xx_HAL_Driver/Src/stm32f4xx_hal_cortex.o
 .text.__NVIC_SetPriority
                0x0000000008000cb8       0x54 Drivers/STM32F4xx_HAL_Driver/Src/stm32f4xx_hal_cortex.o
 .text.NVIC_EncodePriority
                0x0000000008000d0c       0x66 Drivers/STM32F4xx_HAL_Driver/Src/stm32f4xx_hal_cortex.o
 .text.HAL_NVIC_SetPriorityGrouping
                0x0000000008000d72       0x16 Drivers/STM32F4xx_HAL_Driver/Src/stm32f4xx_hal_cortex.o
                0x0000000008000d72                HAL_NVIC_SetPriorityGrouping
 .text.HAL_NVIC_SetPriority
                0x0000000008000d88       0x38 Drivers/STM32F4xx_HAL_Driver/Src/stm32f4xx_hal_cortex.o
                0x0000000008000d88                HAL_NVIC_SetPriority
 .text.HAL_NVIC_EnableIRQ
                0x0000000008000dc0       0x1c Drivers/STM32F4xx_HAL_Driver/Src/stm32f4xx_hal_cortex.o
                0x0000000008000dc0                HAL_NVIC_EnableIRQ
 .text.HAL_GPIO_Init
                0x0000000008000ddc      0x334 Drivers/STM32F4xx_HAL_Driver/Src/stm32f4xx_hal_gpio.o
                0x0000000008000ddc                HAL_GPIO_Init
 .text.HAL_GPIO_WritePin
                0x0000000008001110       0x32 Drivers/STM32F4xx_HAL_Driver/Src/stm32f4xx_hal_gpio.o
                0x0000000008001110                HAL_GPIO_WritePin
 .text.HAL_GPIO_TogglePin
                0x0000000008001142       0x36 Drivers/STM32F4xx_HAL_Driver/Src/stm32f4xx_hal_gpio.o
                0x0000000008001142                HAL_GPIO_TogglePin
 .text.HAL_GPIO_EXTI_IRQHandler
                0x0000000008001178       0x30 Drivers/STM32F4xx_HAL_Driver/Src/stm32f4xx_hal_gpio.o
                0x0000000008001178                HAL_GPIO_EXTI_IRQHandler
 .text.HAL_RCC_OscConfig
                0x00000000080011a8      0x4e0 Drivers/STM32F4xx_HAL_Driver/Src/stm32f4xx_hal_rcc.o
                0x00000000080011a8                HAL_RCC_OscConfig
 .text.HAL_RCC_ClockConfig
                0x0000000008001688      0x1cc Drivers/STM32F4xx_HAL_Driver/Src/stm32f4xx_hal_rcc.o
                0x0000000008001688                HAL_RCC_ClockConfig
 .text.HAL_RCC_GetSysClockFreq
                0x0000000008001854      0x164 Drivers/STM32F4xx_HAL_Driver/Src/stm32f4xx_hal_rcc.o
                0x0000000008001854                HAL_RCC_GetSysClockFreq
 .text.HAL_RCC_GetHCLKFreq
                0x00000000080019b8       0x18 Drivers/STM32F4xx_HAL_Driver/Src/stm32f4xx_hal_rcc.o
                0x00000000080019b8                HAL_RCC_GetHCLKFreq
 .text.HAL_RCC_GetPCLK1Freq
                0x00000000080019d0       0x28 Drivers/STM32F4xx_HAL_Driver/Src/stm32f4xx_hal_rcc.o
                0x00000000080019d0                HAL_RCC_GetPCLK1Freq
 .text.HAL_RCC_GetClockConfig
                0x00000000080019f8       0x64 Drivers/STM32F4xx_HAL_Driver/Src/stm32f4xx_hal_rcc.o
                0x00000000080019f8                HAL_RCC_GetClockConfig
 .text.HAL_SPI_Init
                0x0000000008001a5c       0xc8 Drivers/STM32F4xx_HAL_Driver/Src/stm32f4xx_hal_spi.o
                0x0000000008001a5c                HAL_SPI_Init
 .text.HAL_SPI_Transmit
                0x0000000008001b24      0x268 Drivers/STM32F4xx_HAL_Driver/Src/stm32f4xx_hal_spi.o
                0x0000000008001b24                HAL_SPI_Transmit
 .text.HAL_SPI_Receive
                0x0000000008001d8c      0x212 Drivers/STM32F4xx_HAL_Driver/Src/stm32f4xx_hal_spi.o
                0x0000000008001d8c                HAL_SPI_Receive
 .text.HAL_SPI_TransmitReceive
                0x0000000008001f9e      0x344 Drivers/STM32F4xx_HAL_Driver/Src/stm32f4xx_hal_spi.o
                0x0000000008001f9e                HAL_SPI_TransmitReceive
 .text.SPI_WaitFlagStateUntilTimeout
                0x00000000080022e2       0xd4 Drivers/STM32F4xx_HAL_Driver/Src/stm32f4xx_hal_spi.o
 .text.SPI_EndRxTransaction
                0x00000000080023b6       0xca Drivers/STM32F4xx_HAL_Driver/Src/stm32f4xx_hal_spi.o
 .text.SPI_EndRxTxTransaction
                0x0000000008002480       0x84 Drivers/STM32F4xx_HAL_Driver/Src/stm32f4xx_hal_spi.o
 .text.HAL_TIM_Base_Init
                0x0000000008002504       0x56 Drivers/STM32F4xx_HAL_Driver/Src/stm32f4xx_hal_tim.o
                0x0000000008002504                HAL_TIM_Base_Init
 .text.HAL_TIM_Base_MspInit
                0x000000000800255a       0x14 Drivers/STM32F4xx_HAL_Driver/Src/stm32f4xx_hal_tim.o
                0x000000000800255a                HAL_TIM_Base_MspInit
 .text.HAL_TIM_Base_Start_IT
                0x000000000800256e       0x48 Drivers/STM32F4xx_HAL_Driver/Src/stm32f4xx_hal_tim.o
                0x000000000800256e                HAL_TIM_Base_Start_IT
 .text.HAL_TIM_IRQHandler
                0x00000000080025b6      0x210 Drivers/STM32F4xx_HAL_Driver/Src/stm32f4xx_hal_tim.o
                0x00000000080025b6                HAL_TIM_IRQHandler
 .text.HAL_TIM_OC_DelayElapsedCallback
                0x00000000080027c6       0x14 Drivers/STM32F4xx_HAL_Driver/Src/stm32f4xx_hal_tim.o
                0x00000000080027c6                HAL_TIM_OC_DelayElapsedCallback
 .text.HAL_TIM_IC_CaptureCallback
                0x00000000080027da       0x14 Drivers/STM32F4xx_HAL_Driver/Src/stm32f4xx_hal_tim.o
                0x00000000080027da                HAL_TIM_IC_CaptureCallback
 .text.HAL_TIM_PWM_PulseFinishedCallback
                0x00000000080027ee       0x14 Drivers/STM32F4xx_HAL_Driver/Src/stm32f4xx_hal_tim.o
                0x00000000080027ee                HAL_TIM_PWM_PulseFinishedCallback
 .text.HAL_TIM_TriggerCallback
                0x0000000008002802       0x14 Drivers/STM32F4xx_HAL_Driver/Src/stm32f4xx_hal_tim.o
                0x0000000008002802                HAL_TIM_TriggerCallback
 *fill*         0x0000000008002816        0x2 
 .text.TIM_Base_SetConfig
                0x0000000008002818      0x140 Drivers/STM32F4xx_HAL_Driver/Src/stm32f4xx_hal_tim.o
                0x0000000008002818                TIM_Base_SetConfig
 .text.HAL_TIMEx_CommutCallback
                0x0000000008002958       0x14 Drivers/STM32F4xx_HAL_Driver/Src/stm32f4xx_hal_tim_ex.o
                0x0000000008002958                HAL_TIMEx_CommutCallback
 .text.HAL_TIMEx_BreakCallback
                0x000000000800296c       0x14 Drivers/STM32F4xx_HAL_Driver/Src/stm32f4xx_hal_tim_ex.o
                0x000000000800296c                HAL_TIMEx_BreakCallback
 .text.vListInitialise
                0x0000000008002980       0x40 FreeRTOS/list.o
                0x0000000008002980                vListInitialise
 .text.vListInitialiseItem
                0x00000000080029c0       0x1a FreeRTOS/list.o
                0x00000000080029c0                vListInitialiseItem
 .text.vListInsertEnd
                0x00000000080029da       0x48 FreeRTOS/list.o
                0x00000000080029da                vListInsertEnd
 .text.vListInsert
                0x0000000008002a22       0x72 FreeRTOS/list.o
                0x0000000008002a22                vListInsert
 .text.uxListRemove
                0x0000000008002a94       0x54 FreeRTOS/list.o
                0x0000000008002a94                uxListRemove
 .text.xQueueGenericReset
                0x0000000008002ae8       0xd0 FreeRTOS/queue.o
                0x0000000008002ae8                xQueueGenericReset
 .text.xQueueGenericCreate
                0x0000000008002bb8       0x76 FreeRTOS/queue.o
                0x0000000008002bb8                xQueueGenericCreate
 .text.prvInitialiseNewQueue
                0x0000000008002c2e       0x46 FreeRTOS/queue.o
 .text.xQueueGenericSend
                0x0000000008002c74      0x1f4 FreeRTOS/queue.o
                0x0000000008002c74                xQueueGenericSend
 .text.xQueueGenericSendFromISR
                0x0000000008002e68      0x128 FreeRTOS/queue.o
                0x0000000008002e68                xQueueGenericSendFromISR
 .text.xQueueGiveFromISR
                0x0000000008002f90      0x112 FreeRTOS/queue.o
                0x0000000008002f90                xQueueGiveFromISR
 *fill*         0x00000000080030a2        0x2 
 .text.xQueueReceive
                0x00000000080030a4      0x1b8 FreeRTOS/queue.o
                0x00000000080030a4                xQueueReceive
 .text.xQueueSemaphoreTake
                0x000000000800325c      0x210 FreeRTOS/queue.o
                0x000000000800325c                xQueueSemaphoreTake
 .text.prvGetDisinheritPriorityAfterTimeout
                0x000000000800346c       0x30 FreeRTOS/queue.o
 .text.prvCopyDataToQueue
                0x000000000800349c       0xd4 FreeRTOS/queue.o
 .text.prvCopyDataFromQueue
                0x0000000008003570       0x4c FreeRTOS/queue.o
 .text.prvUnlockQueue
                0x00000000080035bc       0xa4 FreeRTOS/queue.o
 .text.prvIsQueueEmpty
                0x0000000008003660       0x2c FreeRTOS/queue.o
 .text.prvIsQueueFull
                0x000000000800368c       0x30 FreeRTOS/queue.o
 .text.vQueueAddToRegistry
                0x00000000080036bc       0x50 FreeRTOS/queue.o
                0x00000000080036bc                vQueueAddToRegistry
 .text.vQueueWaitForMessageRestricted
                0x000000000800370c       0x68 FreeRTOS/queue.o
                0x000000000800370c                vQueueWaitForMessageRestricted
 .text.xTaskCreate
                0x0000000008003774       0x82 FreeRTOS/tasks.o
                0x0000000008003774                xTaskCreate
 .text.prvInitialiseNewTask
                0x00000000080037f6      0x11c FreeRTOS/tasks.o
 *fill*         0x0000000008003912        0x2 
 .text.prvAddNewTaskToReadyList
                0x0000000008003914       0xdc FreeRTOS/tasks.o
 .text.vTaskDelay
                0x00000000080039f0       0x68 FreeRTOS/tasks.o
                0x00000000080039f0                vTaskDelay
 .text.vTaskStartScheduler
                0x0000000008003a58       0x98 FreeRTOS/tasks.o
                0x0000000008003a58                vTaskStartScheduler
 .text.vTaskSuspendAll
                0x0000000008003af0       0x1c FreeRTOS/tasks.o
                0x0000000008003af0                vTaskSuspendAll
 .text.xTaskResumeAll
                0x0000000008003b0c      0x138 FreeRTOS/tasks.o
                0x0000000008003b0c                xTaskResumeAll
 .text.xTaskGetTickCount
                0x0000000008003c44       0x20 FreeRTOS/tasks.o
                0x0000000008003c44                xTaskGetTickCount
 .text.xTaskIncrementTick
                0x0000000008003c64      0x170 FreeRTOS/tasks.o
                0x0000000008003c64                xTaskIncrementTick
 .text.vTaskSwitchContext
                0x0000000008003dd4       0xb4 FreeRTOS/tasks.o
                0x0000000008003dd4                vTaskSwitchContext
 .text.vTaskPlaceOnEventList
                0x0000000008003e88       0x48 FreeRTOS/tasks.o
                0x0000000008003e88                vTaskPlaceOnEventList
 .text.vTaskPlaceOnEventListRestricted
                0x0000000008003ed0       0x54 FreeRTOS/tasks.o
                0x0000000008003ed0                vTaskPlaceOnEventListRestricted
 .text.xTaskRemoveFromEventList
                0x0000000008003f24       0xc4 FreeRTOS/tasks.o
                0x0000000008003f24                xTaskRemoveFromEventList
 .text.vTaskInternalSetTimeOutState
                0x0000000008003fe8       0x2c FreeRTOS/tasks.o
                0x0000000008003fe8                vTaskInternalSetTimeOutState
 .text.xTaskCheckForTimeOut
                0x0000000008004014       0xc0 FreeRTOS/tasks.o
                0x0000000008004014                xTaskCheckForTimeOut
 .text.vTaskMissedYield
                0x00000000080040d4       0x18 FreeRTOS/tasks.o
                0x00000000080040d4                vTaskMissedYield
 .text.prvIdleTask
                0x00000000080040ec       0x30 FreeRTOS/tasks.o
 .text.prvInitialiseTaskLists
                0x000000000800411c       0x80 FreeRTOS/tasks.o
 .text.prvCheckTasksWaitingTermination
                0x000000000800419c       0x58 FreeRTOS/tasks.o
 .text.prvDeleteTCB
                0x00000000080041f4       0x20 FreeRTOS/tasks.o
 .text.prvResetNextTaskUnblockTime
                0x0000000008004214       0x40 FreeRTOS/tasks.o
 .text.xTaskGetSchedulerState
                0x0000000008004254       0x3c FreeRTOS/tasks.o
                0x0000000008004254                xTaskGetSchedulerState
 .text.xTaskPriorityInherit
                0x0000000008004290      0x100 FreeRTOS/tasks.o
                0x0000000008004290                xTaskPriorityInherit
 .text.xTaskPriorityDisinherit
                0x0000000008004390      0x108 FreeRTOS/tasks.o
                0x0000000008004390                xTaskPriorityDisinherit
 .text.vTaskPriorityDisinheritAfterTimeout
                0x0000000008004498      0x130 FreeRTOS/tasks.o
                0x0000000008004498                vTaskPriorityDisinheritAfterTimeout
 .text.pvTaskIncrementMutexHeldCount
                0x00000000080045c8       0x28 FreeRTOS/tasks.o
                0x00000000080045c8                pvTaskIncrementMutexHeldCount
 .text.prvAddCurrentTaskToDelayedList
                0x00000000080045f0       0xcc FreeRTOS/tasks.o
 .text.xTimerCreateTimerTask
                0x00000000080046bc       0x64 FreeRTOS/timers.o
                0x00000000080046bc                xTimerCreateTimerTask
 .text.xTimerGenericCommand
                0x0000000008004720       0x98 FreeRTOS/timers.o
                0x0000000008004720                xTimerGenericCommand
 .text.prvProcessExpiredTimer
                0x00000000080047b8       0x98 FreeRTOS/timers.o
 .text.prvTimerTask
                0x0000000008004850       0x24 FreeRTOS/timers.o
 .text.prvProcessTimerOrBlockTask
                0x0000000008004874       0x9c FreeRTOS/timers.o
 .text.prvGetNextExpireTime
                0x0000000008004910       0x48 FreeRTOS/timers.o
 .text.prvSampleTimeNow
                0x0000000008004958       0x40 FreeRTOS/timers.o
 .text.prvInsertTimerInActiveList
                0x0000000008004998       0x84 FreeRTOS/timers.o
 .text.prvProcessReceivedCommands
                0x0000000008004a1c      0x188 FreeRTOS/timers.o
 .text.prvSwitchTimerLists
                0x0000000008004ba4       0xc8 FreeRTOS/timers.o
 .text.prvCheckForValidListAndQueue
                0x0000000008004c6c       0x6c FreeRTOS/timers.o
 .text.pxPortInitialiseStack
                0x0000000008004cd8       0x68 FreeRTOS/portable/GCC/ARM_CM4F/port.o
                0x0000000008004cd8                pxPortInitialiseStack
 .text.prvTaskExitError
                0x0000000008004d40       0x54 FreeRTOS/portable/GCC/ARM_CM4F/port.o
 *fill*         0x0000000008004d94        0xc 
 .text.SVC_Handler
                0x0000000008004da0       0x28 FreeRTOS/portable/GCC/ARM_CM4F/port.o
                0x0000000008004da0                SVC_Handler
 .text.prvPortStartFirstTask
                0x0000000008004dc8       0x28 FreeRTOS/portable/GCC/ARM_CM4F/port.o
 .text.xPortStartScheduler
                0x0000000008004df0      0x13c FreeRTOS/portable/GCC/ARM_CM4F/port.o
                0x0000000008004df0                xPortStartScheduler
 .text.vPortEnterCritical
                0x0000000008004f2c       0x5c FreeRTOS/portable/GCC/ARM_CM4F/port.o
                0x0000000008004f2c                vPortEnterCritical
 .text.vPortExitCritical
                0x0000000008004f88       0x50 FreeRTOS/portable/GCC/ARM_CM4F/port.o
                0x0000000008004f88                vPortExitCritical
 *fill*         0x0000000008004fd8        0x8 
 .text.PendSV_Handler
                0x0000000008004fe0       0x68 FreeRTOS/portable/GCC/ARM_CM4F/port.o
                0x0000000008004fe0                PendSV_Handler
 .text.SysTick_Handler
                0x0000000008005048       0x40 FreeRTOS/portable/GCC/ARM_CM4F/port.o
                0x0000000008005048                SysTick_Handler
 .text.vPortSetupTimerInterrupt
                0x0000000008005088       0x48 FreeRTOS/portable/GCC/ARM_CM4F/port.o
                0x0000000008005088                vPortSetupTimerInterrupt
 .text.vPortEnableVFP
                0x00000000080050d0       0x14 FreeRTOS/portable/GCC/ARM_CM4F/port.o
 .text.vPortValidateInterruptPriority
                0x00000000080050e4       0x7c FreeRTOS/portable/GCC/ARM_CM4F/port.o
                0x00000000080050e4                vPortValidateInterruptPriority
 .text.pvPortMalloc
                0x0000000008005160      0x184 FreeRTOS/portable/MemMang/heap_4.o
                0x0000000008005160                pvPortMalloc
 .text.vPortFree
                0x00000000080052e4       0xb0 FreeRTOS/portable/MemMang/heap_4.o
                0x00000000080052e4                vPortFree
 .text.prvHeapInit
                0x0000000008005394       0xc4 FreeRTOS/portable/MemMang/heap_4.o
 .text.prvInsertBlockIntoFreeList
                0x0000000008005458       0xb4 FreeRTOS/portable/MemMang/heap_4.o
 .text.__libc_init_array
                0x000000000800550c       0x48 /Applications/STM32CubeIDE.app/Contents/Eclipse/plugins/com.st.stm32cube.ide.mcu.externaltools.gnu-tools-for-stm32.7-2018-q2-update.macos64_1.5.0.202011040924/tools/bin/../lib/gcc/arm-none-eabi/7.3.1/../../../../arm-none-eabi/lib/thumb/v7e-m/fpv4-sp/hard/libc_nano.a(lib_a-init.o)
                0x000000000800550c                __libc_init_array
 .text.memcpy   0x0000000008005554       0x16 /Applications/STM32CubeIDE.app/Contents/Eclipse/plugins/com.st.stm32cube.ide.mcu.externaltools.gnu-tools-for-stm32.7-2018-q2-update.macos64_1.5.0.202011040924/tools/bin/../lib/gcc/arm-none-eabi/7.3.1/../../../../arm-none-eabi/lib/thumb/v7e-m/fpv4-sp/hard/libc_nano.a(lib_a-memcpy-stub.o)
                0x0000000008005554                memcpy
 .text.memset   0x000000000800556a       0x10 /Applications/STM32CubeIDE.app/Contents/Eclipse/plugins/com.st.stm32cube.ide.mcu.externaltools.gnu-tools-for-stm32.7-2018-q2-update.macos64_1.5.0.202011040924/tools/bin/../lib/gcc/arm-none-eabi/7.3.1/../../../../arm-none-eabi/lib/thumb/v7e-m/fpv4-sp/hard/libc_nano.a(lib_a-memset.o)
                0x000000000800556a                memset
 *(.glue_7)
 .glue_7        0x000000000800557a        0x0 linker stubs
 *(.glue_7t)
 .glue_7t       0x000000000800557a        0x0 linker stubs
 *(.eh_frame)
 *fill*         0x000000000800557a        0x2 
 .eh_frame      0x000000000800557c        0x0 /Applications/STM32CubeIDE.app/Contents/Eclipse/plugins/com.st.stm32cube.ide.mcu.externaltools.gnu-tools-for-stm32.7-2018-q2-update.macos64_1.5.0.202011040924/tools/bin/../lib/gcc/arm-none-eabi/7.3.1/thumb/v7e-m/fpv4-sp/hard/crtbegin.o
 *(.init)
 .init          0x000000000800557c        0x4 /Applications/STM32CubeIDE.app/Contents/Eclipse/plugins/com.st.stm32cube.ide.mcu.externaltools.gnu-tools-for-stm32.7-2018-q2-update.macos64_1.5.0.202011040924/tools/bin/../lib/gcc/arm-none-eabi/7.3.1/thumb/v7e-m/fpv4-sp/hard/crti.o
                0x000000000800557c                _init
 .init          0x0000000008005580        0x8 /Applications/STM32CubeIDE.app/Contents/Eclipse/plugins/com.st.stm32cube.ide.mcu.externaltools.gnu-tools-for-stm32.7-2018-q2-update.macos64_1.5.0.202011040924/tools/bin/../lib/gcc/arm-none-eabi/7.3.1/thumb/v7e-m/fpv4-sp/hard/crtn.o
 *(.fini)
 .fini          0x0000000008005588        0x4 /Applications/STM32CubeIDE.app/Contents/Eclipse/plugins/com.st.stm32cube.ide.mcu.externaltools.gnu-tools-for-stm32.7-2018-q2-update.macos64_1.5.0.202011040924/tools/bin/../lib/gcc/arm-none-eabi/7.3.1/thumb/v7e-m/fpv4-sp/hard/crti.o
                0x0000000008005588                _fini
 .fini          0x000000000800558c        0x8 /Applications/STM32CubeIDE.app/Contents/Eclipse/plugins/com.st.stm32cube.ide.mcu.externaltools.gnu-tools-for-stm32.7-2018-q2-update.macos64_1.5.0.202011040924/tools/bin/../lib/gcc/arm-none-eabi/7.3.1/thumb/v7e-m/fpv4-sp/hard/crtn.o
                0x0000000008005594                . = ALIGN (0x4)
                0x0000000008005594                _etext = .

.vfp11_veneer   0x0000000008005594        0x0
 .vfp11_veneer  0x0000000008005594        0x0 linker stubs

.v4_bx          0x0000000008005594        0x0
 .v4_bx         0x0000000008005594        0x0 linker stubs

.iplt           0x0000000008005594        0x0
 .iplt          0x0000000008005594        0x0 /Applications/STM32CubeIDE.app/Contents/Eclipse/plugins/com.st.stm32cube.ide.mcu.externaltools.gnu-tools-for-stm32.7-2018-q2-update.macos64_1.5.0.202011040924/tools/bin/../lib/gcc/arm-none-eabi/7.3.1/thumb/v7e-m/fpv4-sp/hard/crtbegin.o

.rodata         0x0000000008005594       0x64
                0x0000000008005594                . = ALIGN (0x4)
 *(.rodata)
 .rodata        0x0000000008005594       0x34 Core/Src/main.o
 .rodata        0x00000000080055c8        0x5 FreeRTOS/tasks.o
 *fill*         0x00000000080055cd        0x3 
 .rodata        0x00000000080055d0        0xd FreeRTOS/timers.o
 *(.rodata*)
 *fill*         0x00000000080055dd        0x3 
 .rodata.AHBPrescTable
                0x00000000080055e0       0x10 Core/Src/system_stm32f4xx.o
                0x00000000080055e0                AHBPrescTable
 .rodata.APBPrescTable
                0x00000000080055f0        0x8 Core/Src/system_stm32f4xx.o
                0x00000000080055f0                APBPrescTable
                0x00000000080055f8                . = ALIGN (0x4)

.ARM.extab      0x00000000080055f8        0x0
                0x00000000080055f8                . = ALIGN (0x4)
 *(.ARM.extab* .gnu.linkonce.armextab.*)
                0x00000000080055f8                . = ALIGN (0x4)

.ARM            0x00000000080055f8        0x8
                0x00000000080055f8                . = ALIGN (0x4)
                0x00000000080055f8                __exidx_start = .
 *(.ARM.exidx*)
 .ARM.exidx     0x00000000080055f8        0x8 /Applications/STM32CubeIDE.app/Contents/Eclipse/plugins/com.st.stm32cube.ide.mcu.externaltools.gnu-tools-for-stm32.7-2018-q2-update.macos64_1.5.0.202011040924/tools/bin/../lib/gcc/arm-none-eabi/7.3.1/thumb/v7e-m/fpv4-sp/hard/libgcc.a(_udivmoddi4.o)
                0x0000000008005600                __exidx_end = .
                0x0000000008005600                . = ALIGN (0x4)

.rel.dyn        0x0000000008005600        0x0
 .rel.iplt      0x0000000008005600        0x0 /Applications/STM32CubeIDE.app/Contents/Eclipse/plugins/com.st.stm32cube.ide.mcu.externaltools.gnu-tools-for-stm32.7-2018-q2-update.macos64_1.5.0.202011040924/tools/bin/../lib/gcc/arm-none-eabi/7.3.1/thumb/v7e-m/fpv4-sp/hard/crtbegin.o

.preinit_array  0x0000000008005600        0x0
                0x0000000008005600                . = ALIGN (0x4)
                0x0000000008005600                PROVIDE (__preinit_array_start = .)
 *(.preinit_array*)
                0x0000000008005600                PROVIDE (__preinit_array_end = .)
                0x0000000008005600                . = ALIGN (0x4)

.init_array     0x0000000008005600        0x4
                0x0000000008005600                . = ALIGN (0x4)
                0x0000000008005600                PROVIDE (__init_array_start = .)
 *(SORT_BY_NAME(.init_array.*))
 *(.init_array*)
 .init_array    0x0000000008005600        0x4 /Applications/STM32CubeIDE.app/Contents/Eclipse/plugins/com.st.stm32cube.ide.mcu.externaltools.gnu-tools-for-stm32.7-2018-q2-update.macos64_1.5.0.202011040924/tools/bin/../lib/gcc/arm-none-eabi/7.3.1/thumb/v7e-m/fpv4-sp/hard/crtbegin.o
                0x0000000008005604                PROVIDE (__init_array_end = .)
                0x0000000008005604                . = ALIGN (0x4)

.fini_array     0x0000000008005604        0x4
                0x0000000008005604                . = ALIGN (0x4)
                [!provide]                        PROVIDE (__fini_array_start = .)
 *(SORT_BY_NAME(.fini_array.*))
 *(.fini_array*)
 .fini_array    0x0000000008005604        0x4 /Applications/STM32CubeIDE.app/Contents/Eclipse/plugins/com.st.stm32cube.ide.mcu.externaltools.gnu-tools-for-stm32.7-2018-q2-update.macos64_1.5.0.202011040924/tools/bin/../lib/gcc/arm-none-eabi/7.3.1/thumb/v7e-m/fpv4-sp/hard/crtbegin.o
                [!provide]                        PROVIDE (__fini_array_end = .)
                0x0000000008005608                . = ALIGN (0x4)
                0x0000000008005608                _sidata = LOADADDR (.data)

.data           0x0000000020000000       0x10 load address 0x0000000008005608
                0x0000000020000000                . = ALIGN (0x4)
                0x0000000020000000                _sdata = .
 *(.data)
 *(.data*)
 .data.SystemCoreClock
                0x0000000020000000        0x4 Core/Src/system_stm32f4xx.o
                0x0000000020000000                SystemCoreClock
 .data.uwTickPrio
                0x0000000020000004        0x4 Drivers/STM32F4xx_HAL_Driver/Src/stm32f4xx_hal.o
                0x0000000020000004                uwTickPrio
 .data.uwTickFreq
                0x0000000020000008        0x1 Drivers/STM32F4xx_HAL_Driver/Src/stm32f4xx_hal.o
                0x0000000020000008                uwTickFreq
 *fill*         0x0000000020000009        0x3 
 .data.uxCriticalNesting
                0x000000002000000c        0x4 FreeRTOS/portable/GCC/ARM_CM4F/port.o
 *(.RamFunc)
 *(.RamFunc*)
                0x0000000020000010                . = ALIGN (0x4)
                0x0000000020000010                _edata = .

.igot.plt       0x0000000020000010        0x0 load address 0x0000000008005618
 .igot.plt      0x0000000020000010        0x0 /Applications/STM32CubeIDE.app/Contents/Eclipse/plugins/com.st.stm32cube.ide.mcu.externaltools.gnu-tools-for-stm32.7-2018-q2-update.macos64_1.5.0.202011040924/tools/bin/../lib/gcc/arm-none-eabi/7.3.1/thumb/v7e-m/fpv4-sp/hard/crtbegin.o
                0x0000000020000010                . = ALIGN (0x4)

.bss            0x0000000020000010    0x12e60 load address 0x0000000008005618
                0x0000000020000010                _sbss = .
                0x0000000020000010                __bss_start__ = _sbss
 *(.bss)
 .bss           0x0000000020000010       0x1c /Applications/STM32CubeIDE.app/Contents/Eclipse/plugins/com.st.stm32cube.ide.mcu.externaltools.gnu-tools-for-stm32.7-2018-q2-update.macos64_1.5.0.202011040924/tools/bin/../lib/gcc/arm-none-eabi/7.3.1/thumb/v7e-m/fpv4-sp/hard/crtbegin.o
 *(.bss*)
 .bss.pxCurrentTCB
                0x000000002000002c        0x4 FreeRTOS/tasks.o
                0x000000002000002c                pxCurrentTCB
 .bss.pxReadyTasksLists
                0x0000000020000030       0x64 FreeRTOS/tasks.o
 .bss.xDelayedTaskList1
                0x0000000020000094       0x14 FreeRTOS/tasks.o
 .bss.xDelayedTaskList2
                0x00000000200000a8       0x14 FreeRTOS/tasks.o
 .bss.pxDelayedTaskList
                0x00000000200000bc        0x4 FreeRTOS/tasks.o
 .bss.pxOverflowDelayedTaskList
                0x00000000200000c0        0x4 FreeRTOS/tasks.o
 .bss.xPendingReadyList
                0x00000000200000c4       0x14 FreeRTOS/tasks.o
 .bss.xTasksWaitingTermination
                0x00000000200000d8       0x14 FreeRTOS/tasks.o
 .bss.uxDeletedTasksWaitingCleanUp
                0x00000000200000ec        0x4 FreeRTOS/tasks.o
 .bss.xSuspendedTaskList
                0x00000000200000f0       0x14 FreeRTOS/tasks.o
 .bss.uxCurrentNumberOfTasks
                0x0000000020000104        0x4 FreeRTOS/tasks.o
 .bss.xTickCount
                0x0000000020000108        0x4 FreeRTOS/tasks.o
 .bss.uxTopReadyPriority
                0x000000002000010c        0x4 FreeRTOS/tasks.o
 .bss.xSchedulerRunning
                0x0000000020000110        0x4 FreeRTOS/tasks.o
 .bss.uxPendedTicks
                0x0000000020000114        0x4 FreeRTOS/tasks.o
 .bss.xYieldPending
                0x0000000020000118        0x4 FreeRTOS/tasks.o
 .bss.xNumOfOverflows
                0x000000002000011c        0x4 FreeRTOS/tasks.o
 .bss.uxTaskNumber
                0x0000000020000120        0x4 FreeRTOS/tasks.o
 .bss.xNextTaskUnblockTime
                0x0000000020000124        0x4 FreeRTOS/tasks.o
 .bss.xIdleTaskHandle
                0x0000000020000128        0x4 FreeRTOS/tasks.o
 .bss.uxSchedulerSuspended
                0x000000002000012c        0x4 FreeRTOS/tasks.o
 .bss.xActiveTimerList1
                0x0000000020000130       0x14 FreeRTOS/timers.o
 .bss.xActiveTimerList2
                0x0000000020000144       0x14 FreeRTOS/timers.o
 .bss.pxCurrentTimerList
                0x0000000020000158        0x4 FreeRTOS/timers.o
 .bss.pxOverflowTimerList
                0x000000002000015c        0x4 FreeRTOS/timers.o
 .bss.xTimerQueue
                0x0000000020000160        0x4 FreeRTOS/timers.o
 .bss.xTimerTaskHandle
                0x0000000020000164        0x4 FreeRTOS/timers.o
 .bss.xLastTime.6701
                0x0000000020000168        0x4 FreeRTOS/timers.o
 .bss.ucMaxSysCallPriority
                0x000000002000016c        0x1 FreeRTOS/portable/GCC/ARM_CM4F/port.o
 *fill*         0x000000002000016d        0x3 
 .bss.ulMaxPRIGROUPValue
                0x0000000020000170        0x4 FreeRTOS/portable/GCC/ARM_CM4F/port.o
 .bss.ucHeap    0x0000000020000174    0x12c00 FreeRTOS/portable/MemMang/heap_4.o
 .bss.xStart    0x0000000020012d74        0x8 FreeRTOS/portable/MemMang/heap_4.o
 .bss.pxEnd     0x0000000020012d7c        0x4 FreeRTOS/portable/MemMang/heap_4.o
 .bss.xFreeBytesRemaining
                0x0000000020012d80        0x4 FreeRTOS/portable/MemMang/heap_4.o
 .bss.xMinimumEverFreeBytesRemaining
                0x0000000020012d84        0x4 FreeRTOS/portable/MemMang/heap_4.o
 .bss.xBlockAllocatedBit
                0x0000000020012d88        0x4 FreeRTOS/portable/MemMang/heap_4.o
 *(COMMON)
 COMMON         0x0000000020012d8c       0x60 Core/Src/main.o
                0x0000000020012d8c                xSemaphore
                0x0000000020012d90                xHigherPriorityTaskWoken
                0x0000000020012d94                hspi1
 COMMON         0x0000000020012dec       0x40 Core/Src/stm32f4xx_hal_timebase_tim.o
                0x0000000020012dec                htim6
 COMMON         0x0000000020012e2c        0x4 Drivers/STM32F4xx_HAL_Driver/Src/stm32f4xx_hal.o
                0x0000000020012e2c                uwTick
 COMMON         0x0000000020012e30       0x40 FreeRTOS/queue.o
                0x0000000020012e30                xQueueRegistry
                0x0000000020012e70                . = ALIGN (0x4)
                0x0000000020012e70                _ebss = .
                0x0000000020012e70                __bss_end__ = _ebss

._user_heap_stack
                0x0000000020012e70      0x600 load address 0x0000000008005618
                0x0000000020012e70                . = ALIGN (0x8)
                [!provide]                        PROVIDE (end = .)
                0x0000000020012e70                PROVIDE (_end = .)
                0x0000000020013070                . = (. + _Min_Heap_Size)
 *fill*         0x0000000020012e70      0x200 
                0x0000000020013470                . = (. + _Min_Stack_Size)
 *fill*         0x0000000020013070      0x400 
                0x0000000020013470                . = ALIGN (0x8)

/DISCARD/
 libc.a(*)
 libm.a(*)
 libgcc.a(*)

.ARM.attributes
                0x0000000000000000       0x30
 *(.ARM.attributes)
 .ARM.attributes
                0x0000000000000000       0x22 /Applications/STM32CubeIDE.app/Contents/Eclipse/plugins/com.st.stm32cube.ide.mcu.externaltools.gnu-tools-for-stm32.7-2018-q2-update.macos64_1.5.0.202011040924/tools/bin/../lib/gcc/arm-none-eabi/7.3.1/thumb/v7e-m/fpv4-sp/hard/crti.o
 .ARM.attributes
                0x0000000000000022       0x34 /Applications/STM32CubeIDE.app/Contents/Eclipse/plugins/com.st.stm32cube.ide.mcu.externaltools.gnu-tools-for-stm32.7-2018-q2-update.macos64_1.5.0.202011040924/tools/bin/../lib/gcc/arm-none-eabi/7.3.1/thumb/v7e-m/fpv4-sp/hard/crtbegin.o
 .ARM.attributes
                0x0000000000000056       0x39 Core/Src/main.o
 .ARM.attributes
                0x000000000000008f       0x39 Core/Src/stm32f4xx_hal_msp.o
 .ARM.attributes
                0x00000000000000c8       0x39 Core/Src/stm32f4xx_hal_timebase_tim.o
 .ARM.attributes
                0x0000000000000101       0x39 Core/Src/stm32f4xx_it.o
 .ARM.attributes
                0x000000000000013a       0x39 Core/Src/system_stm32f4xx.o
 .ARM.attributes
                0x0000000000000173       0x21 Core/Startup/startup_stm32f407vgtx.o
 .ARM.attributes
                0x0000000000000194       0x39 Drivers/STM32F4xx_HAL_Driver/Src/stm32f4xx_hal.o
 .ARM.attributes
                0x00000000000001cd       0x39 Drivers/STM32F4xx_HAL_Driver/Src/stm32f4xx_hal_cortex.o
 .ARM.attributes
                0x0000000000000206       0x39 Drivers/STM32F4xx_HAL_Driver/Src/stm32f4xx_hal_gpio.o
 .ARM.attributes
                0x000000000000023f       0x39 Drivers/STM32F4xx_HAL_Driver/Src/stm32f4xx_hal_rcc.o
 .ARM.attributes
                0x0000000000000278       0x39 Drivers/STM32F4xx_HAL_Driver/Src/stm32f4xx_hal_spi.o
 .ARM.attributes
                0x00000000000002b1       0x39 Drivers/STM32F4xx_HAL_Driver/Src/stm32f4xx_hal_tim.o
 .ARM.attributes
                0x00000000000002ea       0x39 Drivers/STM32F4xx_HAL_Driver/Src/stm32f4xx_hal_tim_ex.o
 .ARM.attributes
                0x0000000000000323       0x39 FreeRTOS/list.o
 .ARM.attributes
                0x000000000000035c       0x39 FreeRTOS/queue.o
 .ARM.attributes
                0x0000000000000395       0x39 FreeRTOS/tasks.o
 .ARM.attributes
                0x00000000000003ce       0x39 FreeRTOS/timers.o
 .ARM.attributes
                0x0000000000000407       0x39 FreeRTOS/portable/GCC/ARM_CM4F/port.o
 .ARM.attributes
                0x0000000000000440       0x39 FreeRTOS/portable/MemMang/heap_4.o
 .ARM.attributes
                0x0000000000000479       0x34 /Applications/STM32CubeIDE.app/Contents/Eclipse/plugins/com.st.stm32cube.ide.mcu.externaltools.gnu-tools-for-stm32.7-2018-q2-update.macos64_1.5.0.202011040924/tools/bin/../lib/gcc/arm-none-eabi/7.3.1/../../../../arm-none-eabi/lib/thumb/v7e-m/fpv4-sp/hard/libc_nano.a(lib_a-init.o)
 .ARM.attributes
                0x00000000000004ad       0x34 /Applications/STM32CubeIDE.app/Contents/Eclipse/plugins/com.st.stm32cube.ide.mcu.externaltools.gnu-tools-for-stm32.7-2018-q2-update.macos64_1.5.0.202011040924/tools/bin/../lib/gcc/arm-none-eabi/7.3.1/../../../../arm-none-eabi/lib/thumb/v7e-m/fpv4-sp/hard/libc_nano.a(lib_a-memcpy-stub.o)
 .ARM.attributes
                0x00000000000004e1       0x34 /Applications/STM32CubeIDE.app/Contents/Eclipse/plugins/com.st.stm32cube.ide.mcu.externaltools.gnu-tools-for-stm32.7-2018-q2-update.macos64_1.5.0.202011040924/tools/bin/../lib/gcc/arm-none-eabi/7.3.1/../../../../arm-none-eabi/lib/thumb/v7e-m/fpv4-sp/hard/libc_nano.a(lib_a-memset.o)
 .ARM.attributes
                0x0000000000000515       0x22 /Applications/STM32CubeIDE.app/Contents/Eclipse/plugins/com.st.stm32cube.ide.mcu.externaltools.gnu-tools-for-stm32.7-2018-q2-update.macos64_1.5.0.202011040924/tools/bin/../lib/gcc/arm-none-eabi/7.3.1/thumb/v7e-m/fpv4-sp/hard/libgcc.a(_aeabi_uldivmod.o)
 .ARM.attributes
                0x0000000000000537       0x34 /Applications/STM32CubeIDE.app/Contents/Eclipse/plugins/com.st.stm32cube.ide.mcu.externaltools.gnu-tools-for-stm32.7-2018-q2-update.macos64_1.5.0.202011040924/tools/bin/../lib/gcc/arm-none-eabi/7.3.1/thumb/v7e-m/fpv4-sp/hard/libgcc.a(_udivmoddi4.o)
 .ARM.attributes
                0x000000000000056b       0x22 /Applications/STM32CubeIDE.app/Contents/Eclipse/plugins/com.st.stm32cube.ide.mcu.externaltools.gnu-tools-for-stm32.7-2018-q2-update.macos64_1.5.0.202011040924/tools/bin/../lib/gcc/arm-none-eabi/7.3.1/thumb/v7e-m/fpv4-sp/hard/libgcc.a(_dvmd_tls.o)
 .ARM.attributes
                0x000000000000058d       0x22 /Applications/STM32CubeIDE.app/Contents/Eclipse/plugins/com.st.stm32cube.ide.mcu.externaltools.gnu-tools-for-stm32.7-2018-q2-update.macos64_1.5.0.202011040924/tools/bin/../lib/gcc/arm-none-eabi/7.3.1/thumb/v7e-m/fpv4-sp/hard/crtn.o
OUTPUT(Embedded_OS_Lab2_P76091234.elf elf32-littlearm)

.debug_info     0x0000000000000000    0x11db9
 .debug_info    0x0000000000000000     0x11b9 Core/Src/main.o
 .debug_info    0x00000000000011b9      0x9ae Core/Src/stm32f4xx_hal_msp.o
 .debug_info    0x0000000000001b67      0xb2d Core/Src/stm32f4xx_hal_timebase_tim.o
 .debug_info    0x0000000000002694      0x6df Core/Src/stm32f4xx_it.o
 .debug_info    0x0000000000002d73      0x554 Core/Src/system_stm32f4xx.o
 .debug_info    0x00000000000032c7       0x22 Core/Startup/startup_stm32f407vgtx.o
 .debug_info    0x00000000000032e9      0x945 Drivers/STM32F4xx_HAL_Driver/Src/stm32f4xx_hal.o
 .debug_info    0x0000000000003c2e      0xe28 Drivers/STM32F4xx_HAL_Driver/Src/stm32f4xx_hal_cortex.o
 .debug_info    0x0000000000004a56      0x7b5 Drivers/STM32F4xx_HAL_Driver/Src/stm32f4xx_hal_gpio.o
 .debug_info    0x000000000000520b      0x904 Drivers/STM32F4xx_HAL_Driver/Src/stm32f4xx_hal_rcc.o
 .debug_info    0x0000000000005b0f     0x163a Drivers/STM32F4xx_HAL_Driver/Src/stm32f4xx_hal_spi.o
 .debug_info    0x0000000000007149     0x24a9 Drivers/STM32F4xx_HAL_Driver/Src/stm32f4xx_hal_tim.o
 .debug_info    0x00000000000095f2     0x1157 Drivers/STM32F4xx_HAL_Driver/Src/stm32f4xx_hal_tim_ex.o
 .debug_info    0x000000000000a749      0xacb FreeRTOS/list.o
 .debug_info    0x000000000000b214     0x1f26 FreeRTOS/queue.o
 .debug_info    0x000000000000d13a     0x2702 FreeRTOS/tasks.o
 .debug_info    0x000000000000f83c     0x145e FreeRTOS/timers.o
 .debug_info    0x0000000000010c9a      0x533 FreeRTOS/portable/GCC/ARM_CM4F/port.o
 .debug_info    0x00000000000111cd      0xbec FreeRTOS/portable/MemMang/heap_4.o

.debug_abbrev   0x0000000000000000     0x2760
 .debug_abbrev  0x0000000000000000      0x290 Core/Src/main.o
 .debug_abbrev  0x0000000000000290      0x18c Core/Src/stm32f4xx_hal_msp.o
 .debug_abbrev  0x000000000000041c      0x19d Core/Src/stm32f4xx_hal_timebase_tim.o
 .debug_abbrev  0x00000000000005b9      0x15a Core/Src/stm32f4xx_it.o
 .debug_abbrev  0x0000000000000713      0x12b Core/Src/system_stm32f4xx.o
 .debug_abbrev  0x000000000000083e       0x12 Core/Startup/startup_stm32f407vgtx.o
 .debug_abbrev  0x0000000000000850      0x1c7 Drivers/STM32F4xx_HAL_Driver/Src/stm32f4xx_hal.o
 .debug_abbrev  0x0000000000000a17      0x2fa Drivers/STM32F4xx_HAL_Driver/Src/stm32f4xx_hal_cortex.o
 .debug_abbrev  0x0000000000000d11      0x1c9 Drivers/STM32F4xx_HAL_Driver/Src/stm32f4xx_hal_gpio.o
 .debug_abbrev  0x0000000000000eda      0x245 Drivers/STM32F4xx_HAL_Driver/Src/stm32f4xx_hal_rcc.o
 .debug_abbrev  0x000000000000111f      0x240 Drivers/STM32F4xx_HAL_Driver/Src/stm32f4xx_hal_spi.o
 .debug_abbrev  0x000000000000135f      0x230 Drivers/STM32F4xx_HAL_Driver/Src/stm32f4xx_hal_tim.o
 .debug_abbrev  0x000000000000158f      0x21e Drivers/STM32F4xx_HAL_Driver/Src/stm32f4xx_hal_tim_ex.o
 .debug_abbrev  0x00000000000017ad      0x1cf FreeRTOS/list.o
 .debug_abbrev  0x000000000000197c      0x31c FreeRTOS/queue.o
 .debug_abbrev  0x0000000000001c98      0x352 FreeRTOS/tasks.o
 .debug_abbrev  0x0000000000001fea      0x2c8 FreeRTOS/timers.o
 .debug_abbrev  0x00000000000022b2      0x210 FreeRTOS/portable/GCC/ARM_CM4F/port.o
 .debug_abbrev  0x00000000000024c2      0x29e FreeRTOS/portable/MemMang/heap_4.o

.debug_aranges  0x0000000000000000     0x1020
 .debug_aranges
                0x0000000000000000       0x70 Core/Src/main.o
 .debug_aranges
                0x0000000000000070       0x30 Core/Src/stm32f4xx_hal_msp.o
 .debug_aranges
                0x00000000000000a0       0x30 Core/Src/stm32f4xx_hal_timebase_tim.o
 .debug_aranges
                0x00000000000000d0       0x58 Core/Src/stm32f4xx_it.o
 .debug_aranges
                0x0000000000000128       0x28 Core/Src/system_stm32f4xx.o
 .debug_aranges
                0x0000000000000150       0x28 Core/Startup/startup_stm32f407vgtx.o
 .debug_aranges
                0x0000000000000178       0xf0 Drivers/STM32F4xx_HAL_Driver/Src/stm32f4xx_hal.o
 .debug_aranges
                0x0000000000000268      0x118 Drivers/STM32F4xx_HAL_Driver/Src/stm32f4xx_hal_cortex.o
 .debug_aranges
                0x0000000000000380       0x58 Drivers/STM32F4xx_HAL_Driver/Src/stm32f4xx_hal_gpio.o
 .debug_aranges
                0x00000000000003d8       0x88 Drivers/STM32F4xx_HAL_Driver/Src/stm32f4xx_hal_rcc.o
 .debug_aranges
                0x0000000000000460      0x1d0 Drivers/STM32F4xx_HAL_Driver/Src/stm32f4xx_hal_spi.o
 .debug_aranges
                0x0000000000000630      0x3a8 Drivers/STM32F4xx_HAL_Driver/Src/stm32f4xx_hal_tim.o
 .debug_aranges
                0x00000000000009d8      0x150 Drivers/STM32F4xx_HAL_Driver/Src/stm32f4xx_hal_tim_ex.o
 .debug_aranges
                0x0000000000000b28       0x40 FreeRTOS/list.o
 .debug_aranges
                0x0000000000000b68      0x130 FreeRTOS/queue.o
 .debug_aranges
                0x0000000000000c98      0x1e8 FreeRTOS/tasks.o
 .debug_aranges
                0x0000000000000e80       0xd0 FreeRTOS/timers.o
 .debug_aranges
                0x0000000000000f50       0x80 FreeRTOS/portable/GCC/ARM_CM4F/port.o
 .debug_aranges
                0x0000000000000fd0       0x50 FreeRTOS/portable/MemMang/heap_4.o

.debug_ranges   0x0000000000000000      0xef8
 .debug_ranges  0x0000000000000000       0x60 Core/Src/main.o
 .debug_ranges  0x0000000000000060       0x20 Core/Src/stm32f4xx_hal_msp.o
 .debug_ranges  0x0000000000000080       0x20 Core/Src/stm32f4xx_hal_timebase_tim.o
 .debug_ranges  0x00000000000000a0       0x48 Core/Src/stm32f4xx_it.o
 .debug_ranges  0x00000000000000e8       0x18 Core/Src/system_stm32f4xx.o
 .debug_ranges  0x0000000000000100       0x20 Core/Startup/startup_stm32f407vgtx.o
 .debug_ranges  0x0000000000000120       0xe0 Drivers/STM32F4xx_HAL_Driver/Src/stm32f4xx_hal.o
 .debug_ranges  0x0000000000000200      0x108 Drivers/STM32F4xx_HAL_Driver/Src/stm32f4xx_hal_cortex.o
 .debug_ranges  0x0000000000000308       0x48 Drivers/STM32F4xx_HAL_Driver/Src/stm32f4xx_hal_gpio.o
 .debug_ranges  0x0000000000000350       0x78 Drivers/STM32F4xx_HAL_Driver/Src/stm32f4xx_hal_rcc.o
 .debug_ranges  0x00000000000003c8      0x1c0 Drivers/STM32F4xx_HAL_Driver/Src/stm32f4xx_hal_spi.o
 .debug_ranges  0x0000000000000588      0x398 Drivers/STM32F4xx_HAL_Driver/Src/stm32f4xx_hal_tim.o
 .debug_ranges  0x0000000000000920      0x140 Drivers/STM32F4xx_HAL_Driver/Src/stm32f4xx_hal_tim_ex.o
 .debug_ranges  0x0000000000000a60       0x30 FreeRTOS/list.o
 .debug_ranges  0x0000000000000a90      0x120 FreeRTOS/queue.o
 .debug_ranges  0x0000000000000bb0      0x1d8 FreeRTOS/tasks.o
 .debug_ranges  0x0000000000000d88       0xc0 FreeRTOS/timers.o
 .debug_ranges  0x0000000000000e48       0x70 FreeRTOS/portable/GCC/ARM_CM4F/port.o
 .debug_ranges  0x0000000000000eb8       0x40 FreeRTOS/portable/MemMang/heap_4.o

.debug_macro    0x0000000000000000    0x21741
 .debug_macro   0x0000000000000000      0x2e5 Core/Src/main.o
 .debug_macro   0x00000000000002e5      0xa5a Core/Src/main.o
 .debug_macro   0x0000000000000d3f      0x294 Core/Src/main.o
 .debug_macro   0x0000000000000fd3       0x2e Core/Src/main.o
 .debug_macro   0x0000000000001001       0x2f Core/Src/main.o
 .debug_macro   0x0000000000001030       0x22 Core/Src/main.o
 .debug_macro   0x0000000000001052       0x8e Core/Src/main.o
 .debug_macro   0x00000000000010e0       0x51 Core/Src/main.o
 .debug_macro   0x0000000000001131       0xef Core/Src/main.o
 .debug_macro   0x0000000000001220       0x6a Core/Src/main.o
 .debug_macro   0x000000000000128a      0x1df Core/Src/main.o
 .debug_macro   0x0000000000001469       0x1c Core/Src/main.o
 .debug_macro   0x0000000000001485       0x22 Core/Src/main.o
 .debug_macro   0x00000000000014a7       0xdf Core/Src/main.o
 .debug_macro   0x0000000000001586     0x102d Core/Src/main.o
 .debug_macro   0x00000000000025b3      0x11f Core/Src/main.o
 .debug_macro   0x00000000000026d2    0x15e3c Core/Src/main.o
 .debug_macro   0x000000000001850e       0x43 Core/Src/main.o
 .debug_macro   0x0000000000018551     0x3659 Core/Src/main.o
 .debug_macro   0x000000000001bbaa      0x174 Core/Src/main.o
 .debug_macro   0x000000000001bd1e       0x5a Core/Src/main.o
 .debug_macro   0x000000000001bd78      0x96b Core/Src/main.o
 .debug_macro   0x000000000001c6e3      0x9fe Core/Src/main.o
 .debug_macro   0x000000000001d0e1      0x117 Core/Src/main.o
 .debug_macro   0x000000000001d1f8      0x13e Core/Src/main.o
 .debug_macro   0x000000000001d336       0x27 Core/Src/main.o
 .debug_macro   0x000000000001d35d      0x174 Core/Src/main.o
 .debug_macro   0x000000000001d4d1      0x287 Core/Src/main.o
 .debug_macro   0x000000000001d758       0x5f Core/Src/main.o
 .debug_macro   0x000000000001d7b7      0x236 Core/Src/main.o
 .debug_macro   0x000000000001d9ed      0x12c Core/Src/main.o
 .debug_macro   0x000000000001db19      0x21e Core/Src/main.o
 .debug_macro   0x000000000001dd37       0x2e Core/Src/main.o
 .debug_macro   0x000000000001dd65      0x11a Core/Src/main.o
 .debug_macro   0x000000000001de7f       0x7e Core/Src/main.o
 .debug_macro   0x000000000001defd       0x89 Core/Src/main.o
 .debug_macro   0x000000000001df86      0x225 Core/Src/main.o
 .debug_macro   0x000000000001e1ab      0x8a0 Core/Src/main.o
 .debug_macro   0x000000000001ea4b       0x47 Core/Src/main.o
 .debug_macro   0x000000000001ea92      0x12d Core/Src/main.o
 .debug_macro   0x000000000001ebbf       0x28 Core/Src/main.o
 .debug_macro   0x000000000001ebe7      0x106 Core/Src/main.o
 .debug_macro   0x000000000001eced      0x15a Core/Src/main.o
 .debug_macro   0x000000000001ee47       0xe4 Core/Src/main.o
 .debug_macro   0x000000000001ef2b       0x1c Core/Src/main.o
 .debug_macro   0x000000000001ef47       0x26 Core/Src/main.o
 .debug_macro   0x000000000001ef6d      0x4d3 Core/Src/main.o
 .debug_macro   0x000000000001f440       0xb5 Core/Src/main.o
 .debug_macro   0x000000000001f4f5       0xaa Core/Src/main.o
 .debug_macro   0x000000000001f59f       0x80 Core/Src/main.o
 .debug_macro   0x000000000001f61f       0x7e Core/Src/main.o
 .debug_macro   0x000000000001f69d      0x1dd Core/Src/stm32f4xx_hal_msp.o
 .debug_macro   0x000000000001f87a      0x1ce Core/Src/stm32f4xx_hal_timebase_tim.o
 .debug_macro   0x000000000001fa48      0x1e7 Core/Src/stm32f4xx_it.o
 .debug_macro   0x000000000001fc2f      0x1d4 Core/Src/system_stm32f4xx.o
 .debug_macro   0x000000000001fe03      0x22e Drivers/STM32F4xx_HAL_Driver/Src/stm32f4xx_hal.o
 .debug_macro   0x0000000000020031      0x1ce Drivers/STM32F4xx_HAL_Driver/Src/stm32f4xx_hal_cortex.o
 .debug_macro   0x00000000000201ff      0x204 Drivers/STM32F4xx_HAL_Driver/Src/stm32f4xx_hal_gpio.o
 .debug_macro   0x0000000000020403      0x1f2 Drivers/STM32F4xx_HAL_Driver/Src/stm32f4xx_hal_rcc.o
 .debug_macro   0x00000000000205f5      0x1dd Drivers/STM32F4xx_HAL_Driver/Src/stm32f4xx_hal_spi.o
 .debug_macro   0x00000000000207d2      0x1cf Drivers/STM32F4xx_HAL_Driver/Src/stm32f4xx_hal_tim.o
 .debug_macro   0x00000000000209a1      0x1ce Drivers/STM32F4xx_HAL_Driver/Src/stm32f4xx_hal_tim_ex.o
 .debug_macro   0x0000000000020b6f      0x17a FreeRTOS/list.o
 .debug_macro   0x0000000000020ce9      0x209 FreeRTOS/queue.o
 .debug_macro   0x0000000000020ef2       0x16 FreeRTOS/queue.o
 .debug_macro   0x0000000000020f08       0x20 FreeRTOS/queue.o
 .debug_macro   0x0000000000020f28      0x26c FreeRTOS/tasks.o
 .debug_macro   0x0000000000021194       0x10 FreeRTOS/tasks.o
 .debug_macro   0x00000000000211a4      0x1cf FreeRTOS/timers.o
 .debug_macro   0x0000000000021373       0x97 FreeRTOS/timers.o
 .debug_macro   0x000000000002140a      0x196 FreeRTOS/portable/GCC/ARM_CM4F/port.o
 .debug_macro   0x00000000000215a0      0x1a1 FreeRTOS/portable/MemMang/heap_4.o

.debug_line     0x0000000000000000     0xc608
 .debug_line    0x0000000000000000      0x980 Core/Src/main.o
 .debug_line    0x0000000000000980      0x71f Core/Src/stm32f4xx_hal_msp.o
 .debug_line    0x000000000000109f      0x724 Core/Src/stm32f4xx_hal_timebase_tim.o
 .debug_line    0x00000000000017c3      0x788 Core/Src/stm32f4xx_it.o
 .debug_line    0x0000000000001f4b      0x70b Core/Src/system_stm32f4xx.o
 .debug_line    0x0000000000002656       0x85 Core/Startup/startup_stm32f407vgtx.o
 .debug_line    0x00000000000026db      0x8f5 Drivers/STM32F4xx_HAL_Driver/Src/stm32f4xx_hal.o
 .debug_line    0x0000000000002fd0      0xa19 Drivers/STM32F4xx_HAL_Driver/Src/stm32f4xx_hal_cortex.o
 .debug_line    0x00000000000039e9      0x8d4 Drivers/STM32F4xx_HAL_Driver/Src/stm32f4xx_hal_gpio.o
 .debug_line    0x00000000000042bd      0x94d Drivers/STM32F4xx_HAL_Driver/Src/stm32f4xx_hal_rcc.o
 .debug_line    0x0000000000004c0a     0x10b1 Drivers/STM32F4xx_HAL_Driver/Src/stm32f4xx_hal_spi.o
 .debug_line    0x0000000000005cbb     0x196e Drivers/STM32F4xx_HAL_Driver/Src/stm32f4xx_hal_tim.o
 .debug_line    0x0000000000007629      0xd0b Drivers/STM32F4xx_HAL_Driver/Src/stm32f4xx_hal_tim_ex.o
 .debug_line    0x0000000000008334      0x6c1 FreeRTOS/list.o
 .debug_line    0x00000000000089f5     0x100f FreeRTOS/queue.o
 .debug_line    0x0000000000009a04     0x12fe FreeRTOS/tasks.o
 .debug_line    0x000000000000ad02      0xa32 FreeRTOS/timers.o
 .debug_line    0x000000000000b734      0x72d FreeRTOS/portable/GCC/ARM_CM4F/port.o
 .debug_line    0x000000000000be61      0x7a7 FreeRTOS/portable/MemMang/heap_4.o

.debug_str      0x0000000000000000    0xd0028
 .debug_str     0x0000000000000000    0xc7488 Core/Src/main.o
                                      0xc7847 (size before relaxing)
 .debug_str     0x00000000000c7488       0x53 Core/Src/stm32f4xx_hal_msp.o
                                      0xc2128 (size before relaxing)
 .debug_str     0x00000000000c74db       0xaa Core/Src/stm32f4xx_hal_timebase_tim.o
                                      0xc25c0 (size before relaxing)
 .debug_str     0x00000000000c7585       0xb7 Core/Src/stm32f4xx_it.o
                                      0xc201e (size before relaxing)
 .debug_str     0x00000000000c763c       0xc4 Core/Src/system_stm32f4xx.o
                                      0xc1c4a (size before relaxing)
 .debug_str     0x00000000000c7700       0x36 Core/Startup/startup_stm32f407vgtx.o
                                         0x80 (size before relaxing)
 .debug_str     0x00000000000c7736      0x542 Drivers/STM32F4xx_HAL_Driver/Src/stm32f4xx_hal.o
                                      0xc2717 (size before relaxing)
 .debug_str     0x00000000000c7c78      0x392 Drivers/STM32F4xx_HAL_Driver/Src/stm32f4xx_hal_cortex.o
                                      0xc2506 (size before relaxing)
 .debug_str     0x00000000000c800a      0x1ec Drivers/STM32F4xx_HAL_Driver/Src/stm32f4xx_hal_gpio.o
                                      0xc1e89 (size before relaxing)
 .debug_str     0x00000000000c81f6      0x24f Drivers/STM32F4xx_HAL_Driver/Src/stm32f4xx_hal_rcc.o
                                      0xc2037 (size before relaxing)
 .debug_str     0x00000000000c8445      0x560 Drivers/STM32F4xx_HAL_Driver/Src/stm32f4xx_hal_spi.o
                                      0xc24b8 (size before relaxing)
 .debug_str     0x00000000000c89a5      0xd69 Drivers/STM32F4xx_HAL_Driver/Src/stm32f4xx_hal_tim.o
                                      0xc2d56 (size before relaxing)
 .debug_str     0x00000000000c970e      0x4ec Drivers/STM32F4xx_HAL_Driver/Src/stm32f4xx_hal_tim_ex.o
                                      0xc2556 (size before relaxing)
 .debug_str     0x00000000000c9bfa     0x30c8 FreeRTOS/list.o
                                       0xa7b0 (size before relaxing)
 .debug_str     0x00000000000cccc2      0x946 FreeRTOS/queue.o
                                       0xbeb2 (size before relaxing)
 .debug_str     0x00000000000cd608     0x1b0d FreeRTOS/tasks.o
                                       0xcb4d (size before relaxing)
 .debug_str     0x00000000000cf115      0x4fd FreeRTOS/timers.o
                                       0xc2b3 (size before relaxing)
 .debug_str     0x00000000000cf612      0x7e4 FreeRTOS/portable/GCC/ARM_CM4F/port.o
                                       0x8579 (size before relaxing)
 .debug_str     0x00000000000cfdf6      0x232 FreeRTOS/portable/MemMang/heap_4.o
                                       0xafa3 (size before relaxing)

.comment        0x0000000000000000       0x7b
 .comment       0x0000000000000000       0x7b Core/Src/main.o
                                         0x7c (size before relaxing)
 .comment       0x000000000000007b       0x7c Core/Src/stm32f4xx_hal_msp.o
 .comment       0x000000000000007b       0x7c Core/Src/stm32f4xx_hal_timebase_tim.o
 .comment       0x000000000000007b       0x7c Core/Src/stm32f4xx_it.o
 .comment       0x000000000000007b       0x7c Core/Src/system_stm32f4xx.o
 .comment       0x000000000000007b       0x7c Drivers/STM32F4xx_HAL_Driver/Src/stm32f4xx_hal.o
 .comment       0x000000000000007b       0x7c Drivers/STM32F4xx_HAL_Driver/Src/stm32f4xx_hal_cortex.o
 .comment       0x000000000000007b       0x7c Drivers/STM32F4xx_HAL_Driver/Src/stm32f4xx_hal_gpio.o
 .comment       0x000000000000007b       0x7c Drivers/STM32F4xx_HAL_Driver/Src/stm32f4xx_hal_rcc.o
 .comment       0x000000000000007b       0x7c Drivers/STM32F4xx_HAL_Driver/Src/stm32f4xx_hal_spi.o
 .comment       0x000000000000007b       0x7c Drivers/STM32F4xx_HAL_Driver/Src/stm32f4xx_hal_tim.o
 .comment       0x000000000000007b       0x7c Drivers/STM32F4xx_HAL_Driver/Src/stm32f4xx_hal_tim_ex.o
 .comment       0x000000000000007b       0x7c FreeRTOS/list.o
 .comment       0x000000000000007b       0x7c FreeRTOS/queue.o
 .comment       0x000000000000007b       0x7c FreeRTOS/tasks.o
 .comment       0x000000000000007b       0x7c FreeRTOS/timers.o
 .comment       0x000000000000007b       0x7c FreeRTOS/portable/GCC/ARM_CM4F/port.o
 .comment       0x000000000000007b       0x7c FreeRTOS/portable/MemMang/heap_4.o

.debug_frame    0x0000000000000000     0x4308
 .debug_frame   0x0000000000000000      0x178 Core/Src/main.o
 .debug_frame   0x0000000000000178       0x80 Core/Src/stm32f4xx_hal_msp.o
 .debug_frame   0x00000000000001f8       0x74 Core/Src/stm32f4xx_hal_timebase_tim.o
 .debug_frame   0x000000000000026c       0xe0 Core/Src/stm32f4xx_it.o
 .debug_frame   0x000000000000034c       0x58 Core/Src/system_stm32f4xx.o
 .debug_frame   0x00000000000003a4      0x374 Drivers/STM32F4xx_HAL_Driver/Src/stm32f4xx_hal.o
 .debug_frame   0x0000000000000718      0x498 Drivers/STM32F4xx_HAL_Driver/Src/stm32f4xx_hal_cortex.o
 .debug_frame   0x0000000000000bb0      0x14c Drivers/STM32F4xx_HAL_Driver/Src/stm32f4xx_hal_gpio.o
 .debug_frame   0x0000000000000cfc      0x1f0 Drivers/STM32F4xx_HAL_Driver/Src/stm32f4xx_hal_rcc.o
 .debug_frame   0x0000000000000eec      0x824 Drivers/STM32F4xx_HAL_Driver/Src/stm32f4xx_hal_spi.o
 .debug_frame   0x0000000000001710     0x10f0 Drivers/STM32F4xx_HAL_Driver/Src/stm32f4xx_hal_tim.o
 .debug_frame   0x0000000000002800      0x5c0 Drivers/STM32F4xx_HAL_Driver/Src/stm32f4xx_hal_tim_ex.o
 .debug_frame   0x0000000000002dc0       0xd8 FreeRTOS/list.o
 .debug_frame   0x0000000000002e98      0x530 FreeRTOS/queue.o
 .debug_frame   0x00000000000033c8      0x854 FreeRTOS/tasks.o
 .debug_frame   0x0000000000003c1c      0x368 FreeRTOS/timers.o
 .debug_frame   0x0000000000003f84      0x1a8 FreeRTOS/portable/GCC/ARM_CM4F/port.o
 .debug_frame   0x000000000000412c      0x108 FreeRTOS/portable/MemMang/heap_4.o
 .debug_frame   0x0000000000004234       0x2c /Applications/STM32CubeIDE.app/Contents/Eclipse/plugins/com.st.stm32cube.ide.mcu.externaltools.gnu-tools-for-stm32.7-2018-q2-update.macos64_1.5.0.202011040924/tools/bin/../lib/gcc/arm-none-eabi/7.3.1/../../../../arm-none-eabi/lib/thumb/v7e-m/fpv4-sp/hard/libc_nano.a(lib_a-init.o)
 .debug_frame   0x0000000000004260       0x28 /Applications/STM32CubeIDE.app/Contents/Eclipse/plugins/com.st.stm32cube.ide.mcu.externaltools.gnu-tools-for-stm32.7-2018-q2-update.macos64_1.5.0.202011040924/tools/bin/../lib/gcc/arm-none-eabi/7.3.1/../../../../arm-none-eabi/lib/thumb/v7e-m/fpv4-sp/hard/libc_nano.a(lib_a-memcpy-stub.o)
 .debug_frame   0x0000000000004288       0x20 /Applications/STM32CubeIDE.app/Contents/Eclipse/plugins/com.st.stm32cube.ide.mcu.externaltools.gnu-tools-for-stm32.7-2018-q2-update.macos64_1.5.0.202011040924/tools/bin/../lib/gcc/arm-none-eabi/7.3.1/../../../../arm-none-eabi/lib/thumb/v7e-m/fpv4-sp/hard/libc_nano.a(lib_a-memset.o)
 .debug_frame   0x00000000000042a8       0x2c /Applications/STM32CubeIDE.app/Contents/Eclipse/plugins/com.st.stm32cube.ide.mcu.externaltools.gnu-tools-for-stm32.7-2018-q2-update.macos64_1.5.0.202011040924/tools/bin/../lib/gcc/arm-none-eabi/7.3.1/thumb/v7e-m/fpv4-sp/hard/libgcc.a(_aeabi_uldivmod.o)
 .debug_frame   0x00000000000042d4       0x34 /Applications/STM32CubeIDE.app/Contents/Eclipse/plugins/com.st.stm32cube.ide.mcu.externaltools.gnu-tools-for-stm32.7-2018-q2-update.macos64_1.5.0.202011040924/tools/bin/../lib/gcc/arm-none-eabi/7.3.1/thumb/v7e-m/fpv4-sp/hard/libgcc.a(_udivmoddi4.o)
